###############################################################################
#
# IAR ELF Linker V9.20.1.318/W64 for ARM                  08/Aug/2022  15:46:42
# Copyright 2007-2021 IAR Systems AB.
#
#    Output file  =  C:\Users\murashov_ev\work\disco\Debug\Exe\discovery.out
#    Map file     =  C:\Users\murashov_ev\work\disco\Debug\List\discovery.map
#    Command line =
#        -f C:\Users\murashov_ev\work\disco\Debug\Exe\discovery.out.rsp
#        (C:\Users\murashov_ev\work\disco\Debug\Obj\gpio.o
#        C:\Users\murashov_ev\work\disco\Debug\Obj\gyro.o
#        C:\Users\murashov_ev\work\disco\Debug\Obj\main.o
#        C:\Users\murashov_ev\work\disco\Debug\Obj\startup_stm32f303xc.o
#        C:\Users\murashov_ev\work\disco\Debug\Obj\stm32f3xx_it.o
#        C:\Users\murashov_ev\work\disco\Debug\Obj\system_stm32f3xx.o
#        C:\Users\murashov_ev\work\disco\Debug\Obj\tim.o --no_out_extension -o
#        C:\Users\murashov_ev\work\disco\Debug\Exe\discovery.out --map
#        C:\Users\murashov_ev\work\disco\Debug\List\discovery.map --config
#        "C:\Program Files\IAR Systems\Embedded Workbench
#        9.0\arm\config\linker\ST\stm32f303xC.icf" --semihosting --entry
#        __iar_program_start --vfe --text_out locale)
#
###############################################################################

*******************************************************************************
*** RUNTIME MODEL ATTRIBUTES
***

CppFlavor       = *
__CPP_Runtime   = 1
__SystemLibrary = DLib
__dlib_version  = 6


*******************************************************************************
*** HEAP SELECTION
***

The basic heap was selected because no calls to memory allocation
functions were found in the application outside of system library
functions, and there are calls to deallocation functions in the
application.


*******************************************************************************
*** PLACEMENT SUMMARY
***

"A0":  place at address 0x800'0000 { ro section .intvec };
"P1":  place in [from 0x800'0000 to 0x803'ffff] { ro };
define block CSTACK with size = 8K, alignment = 8 { };
define block HEAP with size = 8K, alignment = 8 { };
"P2":  place in [from 0x2000'0000 to 0x2000'9fff] {
          rw, block CSTACK, block HEAP };
initialize by copy { rw };

No sections matched the following patterns:

  section .ccmram  in "P3"


  Section            Kind         Address    Size  Object
  -------            ----         -------    ----  ------
"A0":                                       0x188
  .intvec            ro code   0x800'0000   0x188  startup_stm32f303xc.o [1]
                             - 0x800'0188   0x188

"P1":                                       0xbb3
  .text              ro code   0x800'0188   0x242  gyro.o [1]
  .text              ro code   0x800'03ca    0x3a  packbits_init_single.o [4]
  .text              ro code   0x800'0404   0x230  stm32f3xx_it.o [1]
  .text              ro code   0x800'0634    0x48  FltToDbl.o [3]
  .text              ro code   0x800'067c   0x1aa  DblMul.o [3]
  .text              ro code   0x800'0828    0x68  DblToFlt.o [3]
  .text              ro code   0x800'0890   0x134  gpio.o [1]
  .text              ro code   0x800'09c4    0xb4  system_stm32f3xx.o [1]
  .text              ro code   0x800'0a78    0xa4  tim.o [1]
  .text              ro code   0x800'0b1c    0x3c  main.o [1]
  .text              ro code   0x800'0b58    0x28  data_init.o [4]
  .text              ro code   0x800'0b80    0x22  fpinit_M.o [3]
  .iar.init_table    const     0x800'0ba4    0x10  - Linker created -
  .text              ro code   0x800'0bb4    0x1e  cmain.o [4]
  .text              ro code   0x800'0bd2     0x4  low_level_init.o [2]
  .text              ro code   0x800'0bd6     0x4  exit.o [2]
  .text              ro code   0x800'0bdc     0xa  cexit.o [4]
  .text              ro code   0x800'0be8    0x14  exit.o [5]
  .text              ro code   0x800'0bfc    0x1c  cstartup_M.o [4]
  .rodata            const     0x800'0c18    0x10  system_stm32f3xx.o [1]
  .text              ro code   0x800'0c28    0x10  startup_stm32f303xc.o [1]
  .text              ro code   0x800'0c38     0x4  startup_stm32f303xc.o [1]
  .text              ro code   0x800'0c3c     0x4  startup_stm32f303xc.o [1]
  .text              ro code   0x800'0c40     0x4  startup_stm32f303xc.o [1]
  .text              ro code   0x800'0c44     0x4  startup_stm32f303xc.o [1]
  .text              ro code   0x800'0c48     0x4  startup_stm32f303xc.o [1]
  .text              ro code   0x800'0c4c     0x4  startup_stm32f303xc.o [1]
  .text              ro code   0x800'0c50     0x4  startup_stm32f303xc.o [1]
  .text              ro code   0x800'0c54     0x4  startup_stm32f303xc.o [1]
  .text              ro code   0x800'0c58     0x4  startup_stm32f303xc.o [1]
  .text              ro code   0x800'0c5c     0x4  startup_stm32f303xc.o [1]
  .text              ro code   0x800'0c60     0x4  startup_stm32f303xc.o [1]
  .text              ro code   0x800'0c64     0x4  startup_stm32f303xc.o [1]
  .text              ro code   0x800'0c68     0x4  startup_stm32f303xc.o [1]
  .text              ro code   0x800'0c6c     0x4  startup_stm32f303xc.o [1]
  .text              ro code   0x800'0c70     0x4  startup_stm32f303xc.o [1]
  .text              ro code   0x800'0c74     0x4  startup_stm32f303xc.o [1]
  .text              ro code   0x800'0c78     0x4  startup_stm32f303xc.o [1]
  .text              ro code   0x800'0c7c     0x4  startup_stm32f303xc.o [1]
  .text              ro code   0x800'0c80     0x4  startup_stm32f303xc.o [1]
  .text              ro code   0x800'0c84     0x4  startup_stm32f303xc.o [1]
  .text              ro code   0x800'0c88     0x4  startup_stm32f303xc.o [1]
  .text              ro code   0x800'0c8c     0x4  startup_stm32f303xc.o [1]
  .text              ro code   0x800'0c90     0x4  startup_stm32f303xc.o [1]
  .text              ro code   0x800'0c94     0x4  startup_stm32f303xc.o [1]
  .text              ro code   0x800'0c98     0x4  startup_stm32f303xc.o [1]
  .text              ro code   0x800'0c9c     0x4  startup_stm32f303xc.o [1]
  .text              ro code   0x800'0ca0     0x4  startup_stm32f303xc.o [1]
  .text              ro code   0x800'0ca4     0x4  startup_stm32f303xc.o [1]
  .text              ro code   0x800'0ca8     0x4  startup_stm32f303xc.o [1]
  .text              ro code   0x800'0cac     0x4  startup_stm32f303xc.o [1]
  .text              ro code   0x800'0cb0     0x4  startup_stm32f303xc.o [1]
  .text              ro code   0x800'0cb4     0x4  startup_stm32f303xc.o [1]
  .text              ro code   0x800'0cb8     0x4  startup_stm32f303xc.o [1]
  .text              ro code   0x800'0cbc     0x4  startup_stm32f303xc.o [1]
  .text              ro code   0x800'0cc0     0x4  startup_stm32f303xc.o [1]
  .text              ro code   0x800'0cc4     0x4  startup_stm32f303xc.o [1]
  .text              ro code   0x800'0cc8     0x4  startup_stm32f303xc.o [1]
  .text              ro code   0x800'0ccc     0x4  startup_stm32f303xc.o [1]
  .text              ro code   0x800'0cd0     0x4  startup_stm32f303xc.o [1]
  .text              ro code   0x800'0cd4     0x4  startup_stm32f303xc.o [1]
  .text              ro code   0x800'0cd8     0x4  startup_stm32f303xc.o [1]
  .text              ro code   0x800'0cdc     0x4  startup_stm32f303xc.o [1]
  .text              ro code   0x800'0ce0     0x4  startup_stm32f303xc.o [1]
  .text              ro code   0x800'0ce4     0x4  startup_stm32f303xc.o [1]
  .text              ro code   0x800'0ce8     0x4  startup_stm32f303xc.o [1]
  .text              ro code   0x800'0cec     0x4  startup_stm32f303xc.o [1]
  .text              ro code   0x800'0cf0     0x4  startup_stm32f303xc.o [1]
  .text              ro code   0x800'0cf4     0x4  startup_stm32f303xc.o [1]
  .text              ro code   0x800'0cf8     0x4  startup_stm32f303xc.o [1]
  .text              ro code   0x800'0cfc     0x4  startup_stm32f303xc.o [1]
  .text              ro code   0x800'0d00     0x4  startup_stm32f303xc.o [1]
  .text              ro code   0x800'0d04     0x4  startup_stm32f303xc.o [1]
  .text              ro code   0x800'0d08     0x4  startup_stm32f303xc.o [1]
  .text              ro code   0x800'0d0c     0x4  startup_stm32f303xc.o [1]
  .text              ro code   0x800'0d10     0x4  startup_stm32f303xc.o [1]
  .text              ro code   0x800'0d14     0x4  startup_stm32f303xc.o [1]
  .text              ro code   0x800'0d18     0x4  startup_stm32f303xc.o [1]
  .text              ro code   0x800'0d1c     0x4  startup_stm32f303xc.o [1]
  .text              ro code   0x800'0d20     0x4  startup_stm32f303xc.o [1]
  .text              ro code   0x800'0d24     0x4  startup_stm32f303xc.o [1]
  .text              ro code   0x800'0d28     0x4  startup_stm32f303xc.o [1]
  .text              ro code   0x800'0d2c     0x4  startup_stm32f303xc.o [1]
  .text              ro code   0x800'0d30     0x4  startup_stm32f303xc.o [1]
  .rodata            const     0x800'0d34     0x0  packbits_init_single.o [4]
  Initializer bytes  const     0x800'0d34     0x7  <for P2-1>
                             - 0x800'0d3b   0xbb3

"P2", part 1 of 2:                           0x18
  P2-1                        0x2000'0000    0x18  <Init block>
    .bss             inited   0x2000'0000     0x8  gyro.o [1]
    .data            inited   0x2000'0008     0x4  system_stm32f3xx.o [1]
    .bss             inited   0x2000'000c     0x4  gyro.o [1]
    .bss             inited   0x2000'0010     0x4  gyro.o [1]
    .bss             inited   0x2000'0014     0x4  gyro.o [1]
                            - 0x2000'0018    0x18

"P2", part 2 of 2:                         0x2000
  CSTACK                      0x2000'0018  0x2000  <Block>
    CSTACK           uninit   0x2000'0018  0x2000  <Block tail>
                            - 0x2000'2018  0x2000

Unused ranges:

         From           To      Size
         ----           --      ----
   0x800'0d3b   0x803'ffff  0x3'f2c5
  0x2000'2018  0x2000'9fff    0x7fe8


*******************************************************************************
*** INIT TABLE
***

          Address      Size
          -------      ----
Copy/packbits (__iar_packbits_init_single3)
    1 source range, total size 0x7 (29% of destination):
           0x800'0d34   0x7
    1 destination range, total size 0x18:
          0x2000'0000  0x18



*******************************************************************************
*** MODULE SUMMARY
***

    Module                  ro code  ro data  rw data
    ------                  -------  -------  -------
command line/config:
    -------------------------------------------------
    Total:

C:\Users\murashov_ev\work\disco\Debug\Obj: [1]
    gpio.o                      308
    gyro.o                      578        6       20
    main.o                       60
    startup_stm32f303xc.o       660
    stm32f3xx_it.o              560
    system_stm32f3xx.o          180       17        4
    tim.o                       164
    -------------------------------------------------
    Total:                    2'510       23       24

dl7M_tln.a: [2]
    exit.o                        4
    low_level_init.o              4
    -------------------------------------------------
    Total:                        8

m7M_tls.a: [3]
    DblMul.o                    426
    DblToFlt.o                  104
    FltToDbl.o                   72
    fpinit_M.o                   34
    -------------------------------------------------
    Total:                      636

rt7M_tl.a: [4]
    cexit.o                      10
    cmain.o                      30
    cstartup_M.o                 28
    data_init.o                  40
    packbits_init_single.o       58
    -------------------------------------------------
    Total:                      166

shb_l.a: [5]
    exit.o                       20
    -------------------------------------------------
    Total:                       20

    Gaps                          6        2
    Linker created                        16    8'192
-----------------------------------------------------
    Grand Total:              3'346       41    8'216


*******************************************************************************
*** ENTRY LIST
***

Entry                       Address   Size  Type      Object
-----                       -------   ----  ----      ------
.iar.init_table$$Base    0x800'0ba4          --   Gb  - Linker created -
.iar.init_table$$Limit   0x800'0bb4          --   Gb  - Linker created -
?main                    0x800'0bb5         Code  Gb  cmain.o [4]
AHBPrescTable            0x800'0c18   0x10  Data  Gb  system_stm32f3xx.o [1]
BusFault_Handler         0x800'040b    0x2  Code  Gb  stm32f3xx_it.o [1]
CSTACK$$Base            0x2000'0018          --   Gb  - Linker created -
CSTACK$$Limit           0x2000'2018          --   Gb  - Linker created -
DebugMon_Handler         0x800'0411    0x2  Code  Gb  stm32f3xx_it.o [1]
Delay                    0x800'03bd    0xe  Code  Gb  gyro.o [1]
EXTI0_IRQHandler         0x800'05cd   0x38  Code  Gb  stm32f3xx_it.o [1]
EXTI1_IRQHandler         0x800'043d  0x190  Code  Gb  stm32f3xx_it.o [1]
GPIO_Init                0x800'08db   0xb2  Code  Gb  gpio.o [1]
GetData                  0x800'0361   0x4c  Code  Gb  gyro.o [1]
HardFault_Handler        0x800'0407    0x2  Code  Gb  stm32f3xx_it.o [1]
MemManage_Handler        0x800'0409    0x2  Code  Gb  stm32f3xx_it.o [1]
NMI_Handler              0x800'0405    0x2  Code  Gb  stm32f3xx_it.o [1]
PendSV_Handler           0x800'0413    0x2  Code  Gb  stm32f3xx_it.o [1]
Read                     0x800'0277   0xea  Code  Gb  gyro.o [1]
Region$$Table$$Base      0x800'0ba4          --   Gb  - Linker created -
Region$$Table$$Limit     0x800'0bb4          --   Gb  - Linker created -
SVC_Handler              0x800'040f    0x2  Code  Gb  stm32f3xx_it.o [1]
SysTick_Handler          0x800'0415    0x2  Code  Gb  stm32f3xx_it.o [1]
SystemCoreClock         0x2000'0008    0x4  Data  Gb  system_stm32f3xx.o [1]
SystemCoreClockUpdate    0x800'09d1   0x8c  Code  Gb  system_stm32f3xx.o [1]
SystemInit               0x800'09c5    0xc  Code  Gb  system_stm32f3xx.o [1]
TIM7_IRQHandler          0x800'0417   0x24  Code  Gb  stm32f3xx_it.o [1]
TIM7_Init                0x800'0ac3   0x3a  Code  Gb  tim.o [1]
UsageFault_Handler       0x800'040d    0x2  Code  Gb  stm32f3xx_it.o [1]
Write                    0x800'0189   0xee  Code  Gb  gyro.o [1]
__NVIC_EnableIRQ         0x800'0891   0x1e  Code  Lc  gpio.o [1]
__NVIC_EnableIRQ         0x800'0a79   0x1e  Code  Lc  tim.o [1]
__NVIC_SetPriority       0x800'08af   0x2c  Code  Lc  gpio.o [1]
__NVIC_SetPriority       0x800'0a97   0x2c  Code  Lc  tim.o [1]
__aeabi_d2f              0x800'0829         Code  Gb  DblToFlt.o [3]
__aeabi_dmul             0x800'067d         Code  Gb  DblMul.o [3]
__aeabi_f2d              0x800'0635         Code  Gb  FltToDbl.o [3]
__cmain                  0x800'0bb5         Code  Gb  cmain.o [4]
__exit                   0x800'0be9   0x14  Code  Gb  exit.o [5]
__iar_data_init3         0x800'0b59   0x28  Code  Gb  data_init.o [4]
__iar_init_vfp           0x800'0b81         Code  Gb  fpinit_M.o [3]
__iar_packbits_init_single3
                         0x800'03cb   0x3a  Code  Gb  packbits_init_single.o [4]
__iar_program_start      0x800'0bfd         Code  Gb  cstartup_M.o [4]
__low_level_init         0x800'0bd3    0x4  Code  Gb  low_level_init.o [2]
__vector_table           0x800'0000         Data  Gb  startup_stm32f303xc.o [1]
_call_main               0x800'0bc1         Code  Gb  cmain.o [4]
_exit                    0x800'0bdd         Code  Gb  cexit.o [4]
axis                    0x2000'0000    0x8  Data  Gb  gyro.o [1]
exit                     0x800'0bd7    0x4  Code  Gb  exit.o [2]
main                     0x800'0b1d   0x3c  Code  Gb  main.o [1]
x_d                     0x2000'000c    0x4  Data  Gb  gyro.o [1]
y_d                     0x2000'0010    0x4  Data  Gb  gyro.o [1]
z_d                     0x2000'0014    0x4  Data  Gb  gyro.o [1]


[1] = C:\Users\murashov_ev\work\disco\Debug\Obj
[2] = dl7M_tln.a
[3] = m7M_tls.a
[4] = rt7M_tl.a
[5] = shb_l.a

  3'346 bytes of readonly  code memory
     41 bytes of readonly  data memory
  8'216 bytes of readwrite data memory

Errors: none
Warnings: none
